[INFO] Scanning for projects...
[INFO] 
[INFO] ----------------< bd.edu.seu:Library_Management_System >----------------
[INFO] Building Library_Management_System 0.0.1-SNAPSHOT
[INFO]   from pom.xml
[INFO] --------------------------------[ jar ]---------------------------------
[INFO] 
[INFO] --- resources:3.3.1:resources (default-resources) @ Library_Management_System ---
[INFO] Copying 1 resource from src\main\resources to target\classes
[INFO] Copying 23 resources from src\main\resources to target\classes
[INFO] 
[INFO] --- compiler:3.13.0:compile (default-compile) @ Library_Management_System ---
[INFO] Recompiling the module because of changed source code.
[INFO] Compiling 43 source files with javac [debug parameters release 22] to target\classes
[INFO] -------------------------------------------------------------
[ERROR] COMPILATION ERROR : 
[INFO] -------------------------------------------------------------
[ERROR] /C:/Users/User/Desktop/Advance Java/Library_Management_System/src/main/java/bd/edu/seu/library_management_system/repository/RegistrationRepository.java:[16,5] cannot find symbol
  symbol:   class List
  location: interface bd.edu.seu.library_management_system.repository.RegistrationRepository
[INFO] 1 error
[INFO] -------------------------------------------------------------
[INFO] ------------------------------------------------------------------------
[INFO] BUILD FAILURE
[INFO] ------------------------------------------------------------------------
[INFO] Total time:  3.042 s
[INFO] Finished at: 2026-01-25T23:48:34+06:00
[INFO] ------------------------------------------------------------------------
[ERROR] Failed to execute goal org.apache.maven.plugins:maven-compiler-plugin:3.13.0:compile (default-compile) on project Library_Management_System: Compilation failure
[ERROR] /C:/Users/User/Desktop/Advance Java/Library_Management_System/src/main/java/bd/edu/seu/library_management_system/repository/RegistrationRepository.java:[16,5] cannot find symbol
[ERROR]   symbol:   class List
[ERROR]   location: interface bd.edu.seu.library_management_system.repository.RegistrationRepository
[ERROR] 
[ERROR] -> [Help 1]
[ERROR] 
[ERROR] To see the full stack trace of the errors, re-run Maven with the -e switch.
[ERROR] Re-run Maven using the -X switch to enable full debug logging.
[ERROR] 
[ERROR] For more information about the errors and possible solutions, please read the following articles:
[ERROR] [Help 1] http://cwiki.apache.org/confluence/display/MAVEN/MojoFailureException
